<html>
<body>
<pre>
<h1>µVision Build Log</h1>
<h2>Tool Versions:</h2>
IDE-Version: µVision V5.33.0.0
Copyright (C) 2020 ARM Ltd and ARM Germany GmbH. All rights reserved.
License Information: Pizarro PuertoVallarta, 642370956, LIC=QF82M-X0HZ9-LQ40Q-NWTFG-ZUPXE-4L4HU
 
Tool Versions:
Toolchain:       MDK-ARM Plus  Version: 5.33.0.0
Toolchain Path:  C:\Keil_v5\ARM\ARMCC\Bin
C Compiler:      Armcc.exe V5.06 update 7 (build 960)
Assembler:       Armasm.exe V5.06 update 7 (build 960)
Linker/Locator:  ArmLink.exe V5.06 update 7 (build 960)
Library Manager: ArmAr.exe V5.06 update 7 (build 960)
Hex Converter:   FromElf.exe V5.06 update 7 (build 960)
CPU DLL:         SARMCM3.DLL V5.33.0.0
Dialog DLL:      DCM.DLL V1.17.3.0
Target DLL:      STLink\ST-LINKIII-KEIL_SWO.dll V3.0.8.0
Dialog DLL:      TCM.DLL V1.48.0.0
 
<h2>Project:</h2>
E:\codelearn\stm32\I2C\MDK-ARM\I2C.uvprojx
Project File Date:  04/14/2021

<h2>Output:</h2>
*** Using Compiler 'V5.06 update 7 (build 960)', folder: 'C:\Keil_v5\ARM\ARMCC\Bin'
Build target 'I2C'
compiling i2c.c...
../Core/Inc/i2c.h(54): warning:  #1295-D: Deprecated declaration I2C_Start - give arg types
  void I2C_Start();
../Core/Inc/i2c.h(55): warning:  #1295-D: Deprecated declaration I2C_Stop - give arg types
  void I2C_Stop();
../Core/Inc/i2c.h(56): warning:  #1295-D: Deprecated declaration I2C_Esperar - give arg types
  uint8_t I2C_Esperar();
../Core/Inc/i2c.h(57): warning:  #1295-D: Deprecated declaration I2C_Ack - give arg types
  void I2C_Ack(); // acknowledge/reponse of I2C ACK
../Core/Inc/i2c.h(58): warning:  #1295-D: Deprecated declaration I2C_NAck - give arg types
  void I2C_NAck(); // do not produce ack response
../Core/Inc/i2c.h(65): warning:  #1295-D: Deprecated declaration AT24CXX_Check - give arg types
  uint8_t AT24CXX_Check();
../Core/Src/i2c.c(171): warning:  #188-D: enumerated type mixed with another type
  		HAL_GPIO_WritePin(GPIOB, GPIO_PIN_9, cur); // SDA
../Core/Src/i2c.c: 7 warnings, 0 errors
linking...
Program Size: Code=6360 RO-data=448 RW-data=20 ZI-data=1172  
FromELF: creating hex file...
"I2C\I2C.axf" - 0 Error(s), 7 Warning(s).

<h2>Software Packages used:</h2>

Package Vendor: ARM
                http://www.keil.com/pack/ARM.CMSIS.5.7.0.pack
                ARM.CMSIS.5.7.0
                CMSIS (Cortex Microcontroller Software Interface Standard)
   * Component: CORE Version: 5.4.0

Package Vendor: Keil
                http://www.keil.com/pack/Keil.STM32F4xx_DFP.2.15.0.pack
                Keil.STM32F4xx_DFP.2.15.0
                STMicroelectronics STM32F4 Series Device Support, Drivers and Examples

<h2>Collection of Component include folders:</h2>
  .\RTE\_I2C
  D:\Arm\Packs\ARM\CMSIS\5.7.0\CMSIS\Core\Include
  D:\Arm\Packs\Keil\STM32F4xx_DFP\2.15.0\Drivers\CMSIS\Device\ST\STM32F4xx\Include

<h2>Collection of Component Files used:</h2>

   * Component: ARM::CMSIS:CORE:5.4.0
      Include file:  CMSIS\Core\Include\tz_context.h
Build Time Elapsed:  00:00:04
</pre>
</body>
</html>
